AckDispatchLease
ActivateTask
AssignFeatureIfEmpty
BootstrapToken
ClaimTask
CleanupExpiredAccessTokens
CleanupExpiredCodes
CleanupExpiredRefreshTokens
ClearDispatchLease
ClearFeatureAssignment
ClearFeatureAssignmentsByRunner
Close
ConsumeAuthCode
ConsumeRefreshToken
Control
CountActiveTokens
CountAttachmentReferences
CountInProgressByTrigger
CreateAccessToken
CreateAttachment
CreateAuthCode
CreateDelivery
CreateDispatchLease
CreateOAuthClient
CreateRefreshToken
CreateToken
CreateWebhook
DB
DeleteAttachmentIfUnreferenced
DeleteFeatureCascadeRoot
DeleteInstance
DeleteInstancesByRunner
DeleteNote
DeleteNoteEmbeddings
DeleteProjectNotes
DeleteRunner
DeleteTokenPermanent
DeleteWebhook
EmbeddingStatus
ExpireDispatchLeases
ExpireStaleClaims
ExpireStaleRunners
ForTenant
ForceAssignFeature
GenerateToken
GetAccessStats
GetAccessToken
GetAttachment
GetAttachmentByDigest
GetAttachmentDerived
GetBacklinks
GetBrainClient
GetClaim
GetClaimsByRunner
GetDispatchLease
GetDispatchLeaseRow
GetEventsByType
GetFeatureAssignment
GetInstance
GetLinks
GetNoteByPath
GetNoteByShortID
GetNoteByTitle
GetNoteByTitleScoped
GetNoteEmbedding
GetOAuthClient
GetOrphans
GetOutlinks
GetProjectPlacement
GetRelated
GetRunner
GetStaleEntries
GetStats
GetTags
GetTokenByName
GetUnprocessed
GetWebhook
InsertEvent
InsertNote
IsFeaturePaused
IsProjectAutomationsPaused
IsProjectTaskPaused
LinkAttachmentToEntry
ListAllInstances
ListAttachmentDerived
ListAttachments
ListAttachmentsForEntry
ListBrainClientWorkspaces
ListDeliveries
ListEntryReferencesForAttachment
ListExpiredDispatchLeases
ListFeatureAssignmentsByProject
ListFeatureAssignmentsByRunner
ListFeatureCascadeRoots
ListInstancesByRunner
ListNotes
ListOAuthClients
ListPausedFeatures
ListPlacementReasonRows
ListPlacementReasonRowsLimit
ListPlacementReasons
ListPlacementReasonsLimit
ListProjectNotePaths
ListProjectPauseStates
ListRunners
ListRunnersByStatus
ListTenantRoots
ListTokens
ListTriggeredTasks
ListWebhooks
MarkInstallClaimed
MarkProcessed
MergeMetadata
PrunePlacementReasonsForTask
PurgeProjectState
RecordAccess
RecordPlacementReason
RegisterTenantRoots
RejectDispatchLease
ReleaseAllByRunner
ReleaseClaim
ReleaseDispatchLease
RenewClaim
ReplaceInstancesForRunner
ResolveLinksTo
ResolveLinksToNote
RevokeAccessToken
RevokeAccessTokensByClient
RevokeRefreshTokensByClient
RevokeToken
SaveAccessToken
SearchByEmbedding
SearchNotes
SetAllProjectAutomationsPaused
SetAllProjectTasksPaused
SetFeaturePaused
SetLinks
SetProjectAutomationsPaused
SetProjectTaskPaused
SetRunnerPaused
SetRunnerStatus
SetTags
SetVerified
SingleModeTokens
SyncNoteEmbeddingMetadata
UnlinkAttachmentFromEntry
UpdateAffinity
UpdateHeartbeat
UpdateNote
UpdateRunnerCapabilities
UpdateRunnerDispatchMetadata
UpdateRunnerMaxParallel
UpdateTokenLastUsed
UpdateWebhook
UpsertAttachmentDerived
UpsertBrainClient
UpsertBrainClientWorkspace
UpsertFeatureCascadeRoot
UpsertInstance
UpsertNoteEmbeddings
UpsertProjectPlacement
UpsertRunner
ValidateToken
backfillInstallClaim
ftsMatch
ftsMatchWords
isProjectPauseColumn
listKnownProjectIDs
listNotes
searchAttachmentDerivedText
searchExact
searchFTS
searchLike
setProjectPauseColumn
