AckDispatchLease
ActivateTask
AssignFeatureIfEmpty
BootstrapToken
ClaimTask
CleanupExpiredAccessTokens
CleanupExpiredCodes
CleanupExpiredRefreshTokens
ClearDispatchLease
ClearFeatureAssignment
ClearFeatureAssignmentsByRunner
Close
ConsumeAuthCode
ConsumeRefreshToken
Control
CountActiveTokens
CountInProgressByTrigger
CreateAccessToken
CreateAuthCode
CreateDelivery
CreateDispatchLease
CreateOAuthClient
CreateRefreshToken
CreateToken
CreateWebhook
DB
DeleteFeatureCascadeRoot
DeleteInstance
DeleteInstancesByRunner
DeleteProjectNotes
DeleteRunner
DeleteTokenPermanent
DeleteWebhook
ExpireDispatchLeases
ExpireStaleClaims
ExpireStaleRunners
ForTenant
ForceAssignFeature
GenerateToken
GetAccessStats
GetAccessToken
GetBrainClient
GetClaim
GetClaimsByRunner
GetDispatchLease
GetDispatchLeaseRow
GetFeatureAssignment
GetInstance
GetOAuthClient
GetProjectPlacement
GetRunner
GetStaleEntries
GetStats
GetTokenByName
GetWebhook
IsFeaturePaused
IsProjectAutomationsPaused
IsProjectTaskPaused
ListAllInstances
ListBrainClientWorkspaces
ListDeliveries
ListExpiredDispatchLeases
ListFeatureAssignmentsByProject
ListFeatureAssignmentsByRunner
ListFeatureCascadeRoots
ListInstancesByRunner
ListOAuthClients
ListPausedFeatures
ListPlacementReasonRows
ListPlacementReasonRowsLimit
ListPlacementReasons
ListPlacementReasonsLimit
ListProjectNotePaths
ListProjectPauseStates
ListRunners
ListRunnersByStatus
ListTenantRoots
ListTokens
ListTriggeredTasks
ListWebhooks
MarkInstallClaimed
PrunePlacementReasonsForTask
PurgeProjectState
RecordAccess
RecordPlacementReason
RegisterTenantRoots
RejectDispatchLease
ReleaseAllByRunner
ReleaseClaim
ReleaseDispatchLease
RenewClaim
ReplaceInstancesForRunner
RevokeAccessToken
RevokeAccessTokensByClient
RevokeRefreshTokensByClient
RevokeToken
SaveAccessToken
SetAllProjectAutomationsPaused
SetAllProjectTasksPaused
SetFeaturePaused
SetProjectAutomationsPaused
SetProjectTaskPaused
SetRunnerPaused
SetRunnerStatus
SetVerified
SingleModeTokens
UpdateAffinity
UpdateHeartbeat
UpdateRunnerCapabilities
UpdateRunnerDispatchMetadata
UpdateRunnerMaxParallel
UpdateTokenLastUsed
UpdateWebhook
UpsertBrainClient
UpsertBrainClientWorkspace
UpsertFeatureCascadeRoot
UpsertInstance
UpsertProjectPlacement
UpsertRunner
ValidateToken
backfillInstallClaim
isProjectPauseColumn
listKnownProjectIDs
setProjectPauseColumn
